// Jest Snapshot v1, https://goo.gl/fbAQLP

exports[`Unit tests for the App Visual Snapshot testing Renders without crashing 1`] = `
.c0 {
  position: fixed;
  left: 0;
  top: 0;
  z-index: 99999;
  display: -webkit-box;
  display: -webkit-flex;
  display: -ms-flexbox;
  display: flex;
  -webkit-align-items: center;
  -webkit-box-align: center;
  -ms-flex-align: center;
  align-items: center;
  width: 100vw;
  height: 100vh;
  background-color: #999999;
}

.c1 {
  margin: auto;
  font-size: 32px;
  -webkit-animation: spin 2s infinite linear;
  animation: spin 2s infinite linear;
}

<div
  class="c0"
>
  <div
    class="c1"
    data-testid="loading-spinner"
  >
    <svg
      aria-hidden="true"
      class="svg-inline--fa fa-spinner fa-w-16 "
      data-icon="spinner"
      data-prefix="fas"
      focusable="false"
      role="img"
      viewBox="0 0 512 512"
      xmlns="http://www.w3.org/2000/svg"
    >
      <path
        d="M304 48c0 26.51-21.49 48-48 48s-48-21.49-48-48 21.49-48 48-48 48 21.49 48 48zm-48 368c-26.51 0-48 21.49-48 48s21.49 48 48 48 48-21.49 48-48-21.49-48-48-48zm208-208c-26.51 0-48 21.49-48 48s21.49 48 48 48 48-21.49 48-48-21.49-48-48-48zM96 256c0-26.51-21.49-48-48-48S0 229.49 0 256s21.49 48 48 48 48-21.49 48-48zm12.922 99.078c-26.51 0-48 21.49-48 48s21.49 48 48 48 48-21.49 48-48c0-26.509-21.491-48-48-48zm294.156 0c-26.51 0-48 21.49-48 48s21.49 48 48 48 48-21.49 48-48c0-26.509-21.49-48-48-48zM108.922 60.922c-26.51 0-48 21.49-48 48s21.49 48 48 48 48-21.49 48-48-21.491-48-48-48z"
        fill="currentColor"
      />
    </svg>
  </div>
</div>
`;
